// Jest Snapshot v1, https://goo.gl/fbAQLP

exports[`has function behave correctly 1`] = `ShallowWrapper {}`;
